[Licensing::Module] Trying to connect to existing licensing client channel...
Built from '6000.5/staging' branch; Version is '6000.5.2f1 (eb73d3b415a1) revision 15430611'; Using compiler version '194234433'; Build Type 'Release'
OS: 'Windows 11  (10.0.26200) Core' Language: 'en' Physical Memory: 15465 MB
BatchMode: 1, IsHumanControllingUs: 0, StartBugReporterOnCrash: 0, Is64bit: 1
System  architecture: x64
[Licensing::IpcConnector] Successfully connected to: "LicenseClient-stmit" at "2026-08-02T13:09:02.769398Z"
Process architecture: x64
Date: 2026-08-02T13:09:02Z

COMMAND LINE ARGUMENTS:
C:\Program Files\Unity\Hub\Editor\6000.5.2f1\Editor\Unity.exe
-batchmode
-nographics
-projectPath
C:\Users\stmit\BoC4x
-logFile
C:\Users\stmit\BoC4x\UnityCompile.log
-quit
Successfully changed project path to: C:\Users\stmit\BoC4x
C:/Users/stmit/BoC4x
Exiting without the bug reporter. Application will terminate with return code 1